******************************************************************************
                  MSP430 Linker PC v4.1.3                      
******************************************************************************
>> Linked Mon Apr 15 22:29:16 2013

OUTPUT FILE NAME:   <Servos.out>
ENTRY POINT SYMBOL: "_c_int00"  address: 00008378


MEMORY CONFIGURATION

         name            origin    length      used     unused   attr    fill
----------------------  --------  ---------  --------  --------  ----  --------
  SFR                   00000000   00000010  00000000  00000010  RWIX
  PERIPHERALS_8BIT      00000010   000000f0  00000000  000000f0  RWIX
  PERIPHERALS_16BIT     00000100   00000100  00000000  00000100  RWIX
  RAM                   00000200   00000400  00000074  0000038c  RWIX
  INFOD                 00001000   00000040  00000000  00000040  RWIX
  INFOC                 00001040   00000040  00000000  00000040  RWIX
  INFOB                 00001080   00000040  00000000  00000040  RWIX
  INFOA                 000010c0   00000040  00000000  00000040  RWIX
  FLASH                 00008000   00007fde  00000416  00007bc8  RWIX
  INT00                 0000ffe0   00000002  00000000  00000002  RWIX
  INT01                 0000ffe2   00000002  00000000  00000002  RWIX
  INT02                 0000ffe4   00000002  00000002  00000000  RWIX
  INT03                 0000ffe6   00000002  00000002  00000000  RWIX
  INT04                 0000ffe8   00000002  00000000  00000002  RWIX
  INT05                 0000ffea   00000002  00000002  00000000  RWIX
  INT06                 0000ffec   00000002  00000002  00000000  RWIX
  INT07                 0000ffee   00000002  00000002  00000000  RWIX
  INT08                 0000fff0   00000002  00000002  00000000  RWIX
  INT09                 0000fff2   00000002  00000002  00000000  RWIX
  INT10                 0000fff4   00000002  00000002  00000000  RWIX
  INT11                 0000fff6   00000002  00000000  00000002  RWIX
  INT12                 0000fff8   00000002  00000002  00000000  RWIX
  INT13                 0000fffa   00000002  00000002  00000000  RWIX
  INT14                 0000fffc   00000002  00000002  00000000  RWIX
  RESET                 0000fffe   00000002  00000002  00000000  RWIX


SECTION ALLOCATION MAP

 output                                  attributes/
section   page    origin      length       input sections
--------  ----  ----------  ----------   ----------------
.init_array 
*          0    00008000    00000000     UNINITIALIZED

.bss       0    00000200    0000001c     UNINITIALIZED
                  00000200    0000001c     eZ430X.obj (.bss)

.TI.noinit 
*          0    00000200    00000000     UNINITIALIZED

.data      0    0000021c    00000008     
                  0000021c    00000008     main.obj (.data)

.TI.persistent 
*          0    0000021c    00000000     UNINITIALIZED

.stack     0    000005b0    00000050     UNINITIALIZED
                  000005b0    00000002     rts430_eabi.lib : boot.obj (.stack)
                  000005b2    0000004e     --HOLE--

.text      0    00008000    000003fa     
                  00008000    000000e2     eZ430X.obj (.text:eZ430X_init)
                  000080e2    0000009a     eZ430X.obj (.text:ERROR2)
                  0000817c    0000005e     rts430_eabi.lib : copy_decompress_rle.obj (.text:__TI_decompress_rle_core)
                  000081da    0000005e                     : autoinit.obj (.text:_auto_init)
                  00008238    0000005c     main.obj (.text:main)
                  00008294    00000028     eZ430X.obj (.text:init_USCI_B0)
                  000082bc    00000026     main.obj (.text:TIMERA0_ISR)
                  000082e2    00000026     main.obj (.text:TIMERA1_ISR)
                  00008308    00000026     main.obj (.text:TIMERB0_ISR)
                  0000832e    00000026     main.obj (.text:TIMERB1_ISR)
                  00008354    00000024     eZ430X.obj (.text:USCIAB0RX_ISR)
                  00008378    0000001a     rts430_eabi.lib : boot.obj (.text:_c_int00_noexit)
                  00008392    00000014                     : copy_zero_init.obj (.text:decompress:ZI:__TI_zero_init)
                  000083a6    00000012                     : copy_decompress_none.obj (.text:decompress:none:__TI_decompress_none)
                  000083b8    00000012                     : memcpy.obj (.text:memcpy)
                  000083ca    00000010                     : epilog.obj (.text)
                  000083da    00000008     adc.obj (.text:ADC10_ISR)
                  000083e2    00000006     rts430_eabi.lib : copy_decompress_rle.obj (.text:decompress:rle24:__TI_decompress_rle24)
                  000083e8    00000004                     : pre_init.obj (.text:_system_pre_init)
                  000083ec    00000004                     : exit.obj (.text:abort)
                  000083f0    00000002     main.obj (.text:NMI_ISR)
                  000083f2    00000002     main.obj (.text:PORT1_ISR)
                  000083f4    00000002     main.obj (.text:PORT2_ISR)
                  000083f6    00000002     main.obj (.text:USCIAB0TX_ISR)
                  000083f8    00000002     main.obj (.text:WDT_ISR)

.cinit     0    000083fa    0000001c     
                  000083fa    00000009     (.cinit..data.load) [load image, compression = rle]
                  00008403    00000001     --HOLE-- [fill = 0]
                  00008404    00000006     (__TI_handler_table)
                  0000840a    00000004     (.cinit..bss.load) [load image, compression = zero_init]
                  0000840e    00000008     (__TI_cinit_table)

PORT1      0    0000ffe4    00000002     
                  0000ffe4    00000002     main.obj (.int02)

PORT2      0    0000ffe6    00000002     
                  0000ffe6    00000002     main.obj (.int03)

ADC10      0    0000ffea    00000002     
                  0000ffea    00000002     adc.obj (.int05)

USCIAB0TX 
*          0    0000ffec    00000002     
                  0000ffec    00000002     main.obj (.int06)

USCIAB0RX 
*          0    0000ffee    00000002     
                  0000ffee    00000002     eZ430X.obj (.int07)

TIMERA1    0    0000fff0    00000002     
                  0000fff0    00000002     main.obj (.int08)

TIMERA0    0    0000fff2    00000002     
                  0000fff2    00000002     main.obj (.int09)

WDT        0    0000fff4    00000002     
                  0000fff4    00000002     main.obj (.int10)

TIMERB1    0    0000fff8    00000002     
                  0000fff8    00000002     main.obj (.int12)

TIMERB0    0    0000fffa    00000002     
                  0000fffa    00000002     main.obj (.int13)

NMI        0    0000fffc    00000002     
                  0000fffc    00000002     main.obj (.int14)

.reset     0    0000fffe    00000002     
                  0000fffe    00000002     rts430_eabi.lib : boot.obj (.reset)


LINKER GENERATED COPY TABLES

__TI_cinit_table @ 0000840e records: 2, size/record: 4, table size: 8
	.data: load addr=000083fa, load size=00000009 bytes, run addr=0000021c, run size=00000008 bytes, compression=rle
	.bss: load addr=0000840a, load size=00000004 bytes, run addr=00000200, run size=0000001c bytes, compression=zero_init


LINKER GENERATED HANDLER TABLE

__TI_handler_table @ 00008404 records: 3, size/record: 2, table size: 6
	index: 0, handler: __TI_zero_init
	index: 1, handler: __TI_decompress_rle24
	index: 2, handler: __TI_decompress_none


GLOBAL SYMBOLS: SORTED ALPHABETICALLY BY Name 

address    name
--------   ----
0000004a   ADC10AE0
0000004b   ADC10AE1
000001b0   ADC10CTL0
000001b2   ADC10CTL1
00000048   ADC10DTC0
00000049   ADC10DTC1
000001b4   ADC10MEM
000001bc   ADC10SA
000083da   ADC10_ISR
00000057   BCSCTL1
00000058   BCSCTL2
00000053   BCSCTL3
000083ec   C$$EXIT
000010fb   CALBC1_12MHZ
000010f9   CALBC1_16MHZ
000010ff   CALBC1_1MHZ
000010fd   CALBC1_8MHZ
000010fa   CALDCO_12MHZ
000010f8   CALDCO_16MHZ
000010fe   CALDCO_1MHZ
000010fc   CALDCO_8MHZ
00000056   DCOCTL
000080e2   ERROR2
00000128   FCTL1
0000012a   FCTL2
0000012c   FCTL3
00000000   IE1
00000001   IE2
00000002   IFG1
00000003   IFG2
000083f0   NMI_ISR
000000c0   OA0CTL0
000000c1   OA0CTL1
000000c2   OA1CTL0
000000c3   OA1CTL1
00000022   P1DIR
00000025   P1IE
00000024   P1IES
00000023   P1IFG
00000020   P1IN
00000021   P1OUT
00000027   P1REN
00000026   P1SEL
0000002a   P2DIR
0000002d   P2IE
0000002c   P2IES
0000002b   P2IFG
00000028   P2IN
00000029   P2OUT
0000002f   P2REN
0000002e   P2SEL
0000001a   P3DIR
00000018   P3IN
00000019   P3OUT
00000010   P3REN
0000001b   P3SEL
0000001e   P4DIR
0000001c   P4IN
0000001d   P4OUT
00000011   P4REN
0000001f   P4SEL
000083f2   PORT1_ISR
000083f4   PORT2_ISR
0000021c   SERVO_1
0000021e   SERVO_2
00000220   SERVO_3
00000222   SERVO_4
00000172   TACCR0
00000174   TACCR1
00000176   TACCR2
00000162   TACCTL0
00000164   TACCTL1
00000166   TACCTL2
00000160   TACTL
0000012e   TAIV
00000170   TAR
00000192   TBCCR0
00000194   TBCCR1
00000196   TBCCR2
00000182   TBCCTL0
00000184   TBCCTL1
00000186   TBCCTL2
00000180   TBCTL
0000011e   TBIV
00000190   TBR
000082bc   TIMERA0_ISR
000082e2   TIMERA1_ISR
00008308   TIMERB0_ISR
0000832e   TIMERB1_ISR
00000214   TXData
0000005d   UCA0ABCTL
00000062   UCA0BR0
00000063   UCA0BR1
00000060   UCA0CTL0
00000061   UCA0CTL1
0000005f   UCA0IRRCTL
0000005e   UCA0IRTCTL
00000064   UCA0MCTL
00000066   UCA0RXBUF
00000065   UCA0STAT
00000067   UCA0TXBUF
0000006a   UCB0BR0
0000006b   UCB0BR1
00000068   UCB0CTL0
00000069   UCB0CTL1
0000006c   UCB0I2CIE
00000118   UCB0I2COA
0000011a   UCB0I2CSA
0000006e   UCB0RXBUF
0000006d   UCB0STAT
0000006f   UCB0TXBUF
00008354   USCIAB0RX_ISR
000083f6   USCIAB0TX_ISR
00000120   WDTCTL
000083f8   WDT_ISR
00000600   __STACK_END
00000050   __STACK_SIZE
0000840e   __TI_CINIT_Base
00008416   __TI_CINIT_Limit
00008404   __TI_Handler_Table_Base
0000840a   __TI_Handler_Table_Limit
UNDEFED    __TI_INITARRAY_Base
UNDEFED    __TI_INITARRAY_Limit
00000001   __TI_args_main
000083a6   __TI_decompress_none
000083e2   __TI_decompress_rle24
00000001   __TI_exit
00008392   __TI_zero_init
ffffffff   __binit__
ffffffff   __c_args__
000083d6   __mspabi_func_epilog_1
000083d4   __mspabi_func_epilog_2
000083d2   __mspabi_func_epilog_3
000083d0   __mspabi_func_epilog_4
000083ce   __mspabi_func_epilog_5
000083cc   __mspabi_func_epilog_6
000083ca   __mspabi_func_epilog_7
000081da   _auto_init
00008378   _c_int00
00008378   _c_int00_noexit
0000fffe   _reset_vector
000005b0   _stack
000083e8   _system_pre_init
000083ec   abort
ffffffff   binit
00008000   eZ430X_init
00000200   i2c_context
00000212   i2c_fSCL
00008294   init_USCI_B0
00008238   main
000083b8   memcpy


GLOBAL SYMBOLS: SORTED BY Symbol Address 

address    name
--------   ----
00000000   IE1
00000001   IE2
00000001   __TI_args_main
00000001   __TI_exit
00000002   IFG1
00000003   IFG2
00000010   P3REN
00000011   P4REN
00000018   P3IN
00000019   P3OUT
0000001a   P3DIR
0000001b   P3SEL
0000001c   P4IN
0000001d   P4OUT
0000001e   P4DIR
0000001f   P4SEL
00000020   P1IN
00000021   P1OUT
00000022   P1DIR
00000023   P1IFG
00000024   P1IES
00000025   P1IE
00000026   P1SEL
00000027   P1REN
00000028   P2IN
00000029   P2OUT
0000002a   P2DIR
0000002b   P2IFG
0000002c   P2IES
0000002d   P2IE
0000002e   P2SEL
0000002f   P2REN
00000048   ADC10DTC0
00000049   ADC10DTC1
0000004a   ADC10AE0
0000004b   ADC10AE1
00000050   __STACK_SIZE
00000053   BCSCTL3
00000056   DCOCTL
00000057   BCSCTL1
00000058   BCSCTL2
0000005d   UCA0ABCTL
0000005e   UCA0IRTCTL
0000005f   UCA0IRRCTL
00000060   UCA0CTL0
00000061   UCA0CTL1
00000062   UCA0BR0
00000063   UCA0BR1
00000064   UCA0MCTL
00000065   UCA0STAT
00000066   UCA0RXBUF
00000067   UCA0TXBUF
00000068   UCB0CTL0
00000069   UCB0CTL1
0000006a   UCB0BR0
0000006b   UCB0BR1
0000006c   UCB0I2CIE
0000006d   UCB0STAT
0000006e   UCB0RXBUF
0000006f   UCB0TXBUF
000000c0   OA0CTL0
000000c1   OA0CTL1
000000c2   OA1CTL0
000000c3   OA1CTL1
00000118   UCB0I2COA
0000011a   UCB0I2CSA
0000011e   TBIV
00000120   WDTCTL
00000128   FCTL1
0000012a   FCTL2
0000012c   FCTL3
0000012e   TAIV
00000160   TACTL
00000162   TACCTL0
00000164   TACCTL1
00000166   TACCTL2
00000170   TAR
00000172   TACCR0
00000174   TACCR1
00000176   TACCR2
00000180   TBCTL
00000182   TBCCTL0
00000184   TBCCTL1
00000186   TBCCTL2
00000190   TBR
00000192   TBCCR0
00000194   TBCCR1
00000196   TBCCR2
000001b0   ADC10CTL0
000001b2   ADC10CTL1
000001b4   ADC10MEM
000001bc   ADC10SA
00000200   i2c_context
00000212   i2c_fSCL
00000214   TXData
0000021c   SERVO_1
0000021e   SERVO_2
00000220   SERVO_3
00000222   SERVO_4
000005b0   _stack
00000600   __STACK_END
000010f8   CALDCO_16MHZ
000010f9   CALBC1_16MHZ
000010fa   CALDCO_12MHZ
000010fb   CALBC1_12MHZ
000010fc   CALDCO_8MHZ
000010fd   CALBC1_8MHZ
000010fe   CALDCO_1MHZ
000010ff   CALBC1_1MHZ
00008000   eZ430X_init
000080e2   ERROR2
000081da   _auto_init
00008238   main
00008294   init_USCI_B0
000082bc   TIMERA0_ISR
000082e2   TIMERA1_ISR
00008308   TIMERB0_ISR
0000832e   TIMERB1_ISR
00008354   USCIAB0RX_ISR
00008378   _c_int00
00008378   _c_int00_noexit
00008392   __TI_zero_init
000083a6   __TI_decompress_none
000083b8   memcpy
000083ca   __mspabi_func_epilog_7
000083cc   __mspabi_func_epilog_6
000083ce   __mspabi_func_epilog_5
000083d0   __mspabi_func_epilog_4
000083d2   __mspabi_func_epilog_3
000083d4   __mspabi_func_epilog_2
000083d6   __mspabi_func_epilog_1
000083da   ADC10_ISR
000083e2   __TI_decompress_rle24
000083e8   _system_pre_init
000083ec   C$$EXIT
000083ec   abort
000083f0   NMI_ISR
000083f2   PORT1_ISR
000083f4   PORT2_ISR
000083f6   USCIAB0TX_ISR
000083f8   WDT_ISR
00008404   __TI_Handler_Table_Base
0000840a   __TI_Handler_Table_Limit
0000840e   __TI_CINIT_Base
00008416   __TI_CINIT_Limit
0000fffe   _reset_vector
ffffffff   __binit__
ffffffff   __c_args__
ffffffff   binit
UNDEFED    __TI_INITARRAY_Base
UNDEFED    __TI_INITARRAY_Limit

[151 symbols]
